[mapper]
# Letters
keycode 0x1E 0 none a
keycode 0x1E 0 shift A
keycode 0x30 0 none b
keycode 0x30 0 shift B
keycode 0x2E 0 none c
keycode 0x2E 0 shift C
keycode 0x20 0 none d
keycode 0x20 0 shift D
keycode 0x12 0 none e
keycode 0x12 0 shift E
keycode 0x21 0 none f
keycode 0x21 0 shift F
keycode 0x22 0 none g
keycode 0x22 0 shift G
keycode 0x23 0 none h
keycode 0x23 0 shift H
keycode 0x17 0 none i
keycode 0x17 0 shift I
keycode 0x24 0 none j
keycode 0x24 0 shift J
keycode 0x25 0 none k
keycode 0x25 0 shift K
keycode 0x26 0 none l
keycode 0x26 0 shift L
keycode 0x32 0 none m
keycode 0x32 0 shift M
keycode 0x31 0 none n
keycode 0x31 0 shift N
keycode 0x18 0 none o
keycode 0x18 0 shift O
keycode 0x19 0 none p
keycode 0x19 0 shift P
keycode 0x10 0 none q
keycode 0x10 0 shift Q
keycode 0x13 0 none r
keycode 0x13 0 shift R
keycode 0x1F 0 none s
keycode 0x1F 0 shift S
keycode 0x14 0 none t
keycode 0x14 0 shift T
keycode 0x16 0 none u
keycode 0x16 0 shift U
keycode 0x2F 0 none v
keycode 0x2F 0 shift V
keycode 0x11 0 none w
keycode 0x11 0 shift W
keycode 0x2D 0 none x
keycode 0x2D 0 shift X
keycode 0x15 0 none y
keycode 0x15 0 shift Y
keycode 0x2C 0 none z
keycode 0x2C 0 shift Z

# Numbers
keycode 0x02 0 none 1
keycode 0x02 0 shift !
keycode 0x03 0 none 2
keycode 0x03 0 shift @
keycode 0x04 0 none 3
keycode 0x04 0 shift #
keycode 0x05 0 none 4
keycode 0x05 0 shift $
keycode 0x06 0 none 5
keycode 0x06 0 shift %
keycode 0x07 0 none 6
keycode 0x07 0 shift ^
keycode 0x08 0 none 7
keycode 0x08 0 shift &
keycode 0x09 0 none 8
keycode 0x09 0 shift *
keycode 0x0A 0 none 9
keycode 0x0A 0 shift (
keycode 0x0B 0 none 0
keycode 0x0B 0 shift )

# Symbols
keycode 0x0C 0 none -
keycode 0x0C 0 shift _
keycode 0x0D 0 none =
keycode 0x0D 0 shift +
keycode 0x1A 0 none [
keycode 0x1A 0 shift {
keycode 0x1B 0 none ]
keycode 0x1B 0 shift }
keycode 0x2B 0 none \
keycode 0x2B 0 shift |
keycode 0x27 0 none ;
keycode 0x27 0 shift :
keycode 0x28 0 none '
keycode 0x28 0 shift "
keycode 0x33 0 none ,
keycode 0x33 0 shift <
keycode 0x34 0 none .
keycode 0x34 0 shift >
keycode 0x35 0 none /
keycode 0x35 0 shift ?

# Special keys
keycode 0x0E 0 none BackSpace
keycode 0x0F 0 none Tab
keycode 0x1C 0 none Enter
keycode 0x01 0 none Esc
keycode 0x39 0 none Space
keycode 0x2A 0 none Shift
keycode 0x3A 0 none CapsLock
keycode 0x1D 0 none Ctrl
keycode 0x38 0 none Alt
